Loading weights:   0%|          | 0/311 [00:00<?, ?it/s]Loading weights: 100%|██████████| 311/311 [00:00<00:00, 8980.20it/s]
[方向] 用外部 w: /home/zhourui/steer3d_bpath/w_L19_m0.npy  |w|=1.0000
[扫描] 4 条轨迹，剂量 [0.02, 0.05, 0.1, 0.25, 0.5, 1.0]，尺度基准 gap=231.978
  aime__aime25__p00__think           think
     w+@0.02    中位    0.1250   逐位置 [0.25, 0.0]
     w+@0.05    中位    0.2500   逐位置 [0.25, 0.25]
     w+@0.1     中位    0.2500   逐位置 [0.25, 0.25]
     w+@0.25    中位    0.1250   逐位置 [0.25, 0.0]
     w+@0.5     中位    0.1250   逐位置 [0.0, 0.25]
     w+@1.0     中位   -0.1248   逐位置 [-0.5, 0.2504]
     w-@0.02    中位   -0.0000   逐位置 [-0.0, -0.0]
     w-@0.05    中位    0.1250   逐位置 [-0.0, 0.25]
     w-@0.1     中位   -0.0000   逐位置 [-0.0, -0.0]
     w-@0.25    中位   -0.1250   逐位置 [-0.0, -0.25]
     w-@0.5     中位   -0.8750   逐位置 [-1.0, -0.75]
     w-@1.0     中位   -5.6250   逐位置 [-7.75, -3.5]
  aime__aime25__p01__think           think
     w+@0.02    中位   -0.2500   逐位置 [-0.25, -0.25]
     w+@0.05    中位   -0.2500   逐位置 [-0.25, -0.25]
     w+@0.1     中位   -0.3750   逐位置 [-0.25, -0.5]
     w+@0.25    中位   -0.6250   逐位置 [-0.5, -0.75]
     w+@0.5     中位   -1.1250   逐位置 [-1.0, -1.2499]
     w+@1.0     中位   -2.5814   逐位置 [-2.7487, -2.4141]
     w-@0.02    中位   -0.1250   逐位置 [-0.25, -0.0]
     w-@0.05    中位   -0.0000   逐位置 [-0.0, -0.0]
     w-@0.1     中位   -0.0000   逐位置 [-0.0, -0.0]
     w-@0.25    中位    0.1250   逐位置 [-0.0, 0.25]
     w-@0.5     中位    0.3750   逐位置 [-0.0, 0.75]
     w-@1.0     中位   -0.1250   逐位置 [-1.5, 1.25]
  aime__aime25__p00__no_think        no_think
     w+@0.02    中位    0.0000   逐位置 [-0.0, 0.0]
     w+@0.05    中位    0.1250   逐位置 [0.0, 0.25]
     w+@0.1     中位    0.2500   逐位置 [0.25, 0.25]
     w+@0.25    中位    0.3750   逐位置 [0.25, 0.5]
     w+@0.5     中位    0.7500   逐位置 [0.5, 1.0]
     w+@1.0     中位    1.1251   逐位置 [1.0, 1.2502]
     w-@0.02    中位   -0.0625   逐位置 [-0.0, -0.125]
     w-@0.05    中位   -0.1875   逐位置 [-0.25, -0.125]
     w-@0.1     中位   -0.3125   逐位置 [-0.25, -0.375]
     w-@0.25    中位   -0.5000   逐位置 [-0.5, -0.5]
     w-@0.5     中位   -1.2500   逐位置 [-1.0, -1.5]
     w-@1.0     中位   -3.7500   逐位置 [-3.0, -4.5]
  aime__aime25__p01__no_think        no_think
     w+@0.02    中位    0.0625   逐位置 [0.0, 0.125]
     w+@0.05    中位    0.0625   逐位置 [0.0, 0.125]
     w+@0.1     中位    0.0625   逐位置 [0.0, 0.125]
     w+@0.25    中位    0.2500   逐位置 [0.25, 0.2501]
     w+@0.5     中位    0.5001   逐位置 [0.5, 0.5003]
     w+@1.0     中位    0.8765   逐位置 [1.0, 0.7531]
     w-@0.02    中位   -0.0625   逐位置 [-0.25, 0.125]
     w-@0.05    中位   -0.1250   逐位置 [-0.25, -0.0]
     w-@0.1     中位   -0.1875   逐位置 [-0.25, -0.125]
     w-@0.25    中位   -0.4375   逐位置 [-0.5, -0.375]
     w-@0.5     中位   -1.0625   逐位置 [-1.25, -0.875]
     w-@1.0     中位   -2.6875   逐位置 [-3.125, -2.25]

==========================================================================
D1-D4 判决
==========================================================================
D3 -w 全剂量单调降: FAIL
D4 no_think +w 全剂量单调升（正控）: PASS
  aime__aime25__p00__think           think     +w 各剂量单调升的邻段 3/5  小剂量端(0.02) 中位 +0.1250
  aime__aime25__p01__think           think     +w 各剂量单调升的邻段 1/5  小剂量端(0.02) 中位 -0.2500
  aime__aime25__p00__no_think        no_think  +w 各剂量单调升的邻段 5/5  小剂量端(0.02) 中位 +0.0000
  aime__aime25__p01__no_think        no_think  +w 各剂量单调升的邻段 5/5  小剂量端(0.02) 中位 +0.0625

=> 存在非单调： ['aime__aime25__p00__think w+ 非单调', 'aime__aime25__p00__think w- 非单调', 'aime__aime25__p01__think w+ 非单调', 'aime__aime25__p01__think w- 非单调']

写出 /home/zhourui/steer3d_bpath/dose_sweep_B.json
剂量扫描完成
